MPLINK 4.49, Linker
Linker Map File - Created Wed Nov 11 14:30:22 2020

                                 Section Info
                  Section       Type    Address   Location Size(Bytes)
                ---------  ---------  ---------  ---------  ---------
                   .org_0       code   0x000000    program   0x000000
                   .org_1       code   0x000000    program   0x000004
                   .org_2       code   0x000008    program   0x000002
                   .org_3       code   0x000018    program   0x000020



                              Program Memory Usage 
                               Start         End      
                           ---------   ---------      
                            0x000000    0x000003      
                            0x000008    0x000009      
                            0x000018    0x000037      
            38 out of 33048 program addresses used, program memory utilization is 0%



                              Symbols - Sorted by Name
                     Name    Address   Location    Storage File                     
                ---------  ---------  ---------  --------- ---------                
                configure   0x00001a    program     static H:\Introduction to Microcontroller\QUIZ\quiz 4\Quiz 4 Q4\Q4Q4.asm
                 increase   0x000026    program     static H:\Introduction to Microcontroller\QUIZ\quiz 4\Quiz 4 Q4\Q4Q4.asm
                    start   0x00002a    program     static H:\Introduction to Microcontroller\QUIZ\quiz 4\Quiz 4 Q4\Q4Q4.asm
                   toggle   0x000020    program     static H:\Introduction to Microcontroller\QUIZ\quiz 4\Quiz 4 Q4\Q4Q4.asm



                              Symbols - Sorted by Address
                     Name    Address   Location    Storage File                     
                ---------  ---------  ---------  --------- ---------                
                configure   0x00001a    program     static H:\Introduction to Microcontroller\QUIZ\quiz 4\Quiz 4 Q4\Q4Q4.asm
                   toggle   0x000020    program     static H:\Introduction to Microcontroller\QUIZ\quiz 4\Quiz 4 Q4\Q4Q4.asm
                 increase   0x000026    program     static H:\Introduction to Microcontroller\QUIZ\quiz 4\Quiz 4 Q4\Q4Q4.asm
                    start   0x00002a    program     static H:\Introduction to Microcontroller\QUIZ\quiz 4\Quiz 4 Q4\Q4Q4.asm


